2025-09-10 07:38:08.854713: I tensorflow/core/platform/cpu_feature_guard.cc:193] This TensorFlow binary is optimized with oneAPI Deep Neural Network Library (oneDNN) to use the following CPU instructions in performance-critical operations:  SSE4.1 SSE4.2 AVX AVX2 AVX512F AVX512_VNNI FMA
To enable them in other operations, rebuild TensorFlow with the appropriate compiler flags.
2025-09-10 07:38:12.564009: I tensorflow/core/util/port.cc:104] oneDNN custom operations are on. You may see slightly different numerical results due to floating-point round-off errors from different computation orders. To turn them off, set the environment variable `TF_ENABLE_ONEDNN_OPTS=0`.
============================================================
通用HNN重训练 - mass_spring 系统
============================================================
初始化 mass_spring 系统重训练器
  HGN系统名: mass_spring
  环境类名: Spring
  系统维度: 2
  物理参数: {'elastic_cst': 2.0, 'mass': 0.5}
  时间步长: 0.05
  使用设备: cuda
  GPU名称: NVIDIA L40
  GPU内存: 44.4 GB
  Step    0, train_loss: 7.297887e-01, test_loss: 6.606277e-01
    用时: 4.36s (100步), 总时间: 4.4s, 预计剩余: 0.0s
  Step  100, train_loss: 3.650526e-02, test_loss: 3.762971e-02
    用时: 23.08s (100步), 总时间: 27.4s, 预计剩余: 11519.3s
  Step  200, train_loss: 3.624095e-02, test_loss: 3.706132e-02
    用时: 23.11s (100步), 总时间: 50.5s, 预计剩余: 11507.4s
  Step  300, train_loss: 3.629091e-02, test_loss: 3.705159e-02
    用时: 23.14s (100步), 总时间: 73.7s, 预计剩余: 11500.2s
  Step  400, train_loss: 3.619795e-02, test_loss: 3.697851e-02
    用时: 23.16s (100步), 总时间: 96.9s, 预计剩余: 11488.3s
  Step  500, train_loss: 3.618615e-02, test_loss: 3.696912e-02
    用时: 23.18s (100步), 总时间: 120.0s, 预计剩余: 11476.3s
  Step  600, train_loss: 3.617506e-02, test_loss: 3.694475e-02
    用时: 23.21s (100步), 总时间: 143.2s, 预计剩余: 11467.1s
  Step  700, train_loss: 3.619495e-02, test_loss: 3.693587e-02
    用时: 23.25s (100步), 总时间: 166.5s, 预计剩余: 11460.3s
  Step  800, train_loss: 3.615031e-02, test_loss: 3.694279e-02
    用时: 23.29s (100步), 总时间: 189.8s, 预计剩余: 11458.7s
  Step  900, train_loss: 3.613473e-02, test_loss: 3.691863e-02
    用时: 23.28s (100步), 总时间: 213.1s, 预计剩余: 11429.0s
  Step 1000, train_loss: 3.663738e-02, test_loss: 3.698402e-02
    用时: 23.27s (100步), 总时间: 236.3s, 预计剩余: 11403.3s
  Step 1100, train_loss: 3.609927e-02, test_loss: 3.690109e-02
    用时: 23.28s (100步), 总时间: 259.6s, 预计剩余: 11383.2s
  Step 1200, train_loss: 3.607452e-02, test_loss: 3.681735e-02
    用时: 23.28s (100步), 总时间: 282.9s, 预计剩余: 11361.3s
  Step 1300, train_loss: 3.604960e-02, test_loss: 3.686437e-02
    用时: 23.27s (100步), 总时间: 306.2s, 预计剩余: 11333.2s
  Step 1400, train_loss: 3.602139e-02, test_loss: 3.683541e-02
    用时: 23.25s (100步), 总时间: 329.4s, 预计剩余: 11301.8s
  Step 1500, train_loss: 3.598007e-02, test_loss: 3.680336e-02
    用时: 23.25s (100步), 总时间: 352.7s, 预计剩余: 11278.3s
  Step 1600, train_loss: 3.593624e-02, test_loss: 3.677846e-02
    用时: 23.26s (100步), 总时间: 375.9s, 预计剩余: 11255.4s
  Step 1700, train_loss: 3.634648e-02, test_loss: 3.706377e-02
    用时: 23.25s (100步), 总时间: 399.2s, 预计剩余: 11230.2s
  Step 1800, train_loss: 3.583266e-02, test_loss: 3.672946e-02
    用时: 23.26s (100步), 总时间: 422.4s, 预计剩余: 11211.4s
  Step 1900, train_loss: 3.577919e-02, test_loss: 3.671240e-02
    用时: 23.27s (100步), 总时间: 445.7s, 预计剩余: 11193.1s
  Step 2000, train_loss: 3.572591e-02, test_loss: 3.667353e-02
    用时: 23.25s (100步), 总时间: 469.0s, 预计剩余: 11161.7s
  Step 2100, train_loss: 3.567873e-02, test_loss: 3.665300e-02
    用时: 23.25s (100步), 总时间: 492.2s, 预计剩余: 11138.2s
  Step 2200, train_loss: 3.563693e-02, test_loss: 3.659249e-02
    用时: 23.29s (100步), 总时间: 515.5s, 预计剩余: 11131.2s
  Step 2300, train_loss: 3.559729e-02, test_loss: 3.660071e-02
    用时: 23.27s (100步), 总时间: 538.8s, 预计剩余: 11100.6s
  Step 2400, train_loss: 3.556042e-02, test_loss: 3.657599e-02
    用时: 23.25s (100步), 总时间: 562.0s, 预计剩余: 11065.3s
  Step 2500, train_loss: 3.553467e-02, test_loss: 3.655652e-02
    用时: 23.26s (100步), 总时间: 585.3s, 预计剩余: 11047.5s
  Step 2600, train_loss: 3.551512e-02, test_loss: 3.658160e-02
    用时: 23.25s (100步), 总时间: 608.5s, 预计剩余: 11019.1s
  Step 2700, train_loss: 3.549854e-02, test_loss: 3.654131e-02
    用时: 23.25s (100步), 总时间: 631.8s, 预计剩余: 10996.9s
  Step 2800, train_loss: 3.556084e-02, test_loss: 3.650114e-02
    用时: 23.25s (100步), 总时间: 655.0s, 预计剩余: 10976.1s
  Step 2900, train_loss: 3.547529e-02, test_loss: 3.653070e-02
    用时: 23.24s (100步), 总时间: 678.3s, 预计剩余: 10947.6s
  Step 3000, train_loss: 3.546903e-02, test_loss: 3.654785e-02
    用时: 23.24s (100步), 总时间: 701.5s, 预计剩余: 10923.1s
  Step 3100, train_loss: 3.545859e-02, test_loss: 3.652735e-02
    用时: 23.24s (100步), 总时间: 724.8s, 预计剩余: 10898.1s
  Step 3200, train_loss: 3.545361e-02, test_loss: 3.667106e-02
    用时: 23.20s (100步), 总时间: 748.0s, 预计剩余: 10857.3s
  Step 3300, train_loss: 3.544687e-02, test_loss: 3.652589e-02
    用时: 23.18s (100步), 总时间: 771.1s, 预计剩余: 10827.1s
  Step 3400, train_loss: 3.547625e-02, test_loss: 3.652823e-02
    用时: 23.21s (100步), 总时间: 794.3s, 预计剩余: 10817.7s
  Step 3500, train_loss: 3.543980e-02, test_loss: 3.652807e-02
    用时: 23.23s (100步), 总时间: 817.6s, 预计剩余: 10800.9s
  Step 3600, train_loss: 3.543769e-02, test_loss: 3.652131e-02
    用时: 23.24s (100步), 总时间: 840.8s, 预计剩余: 10781.1s
  Step 3700, train_loss: 3.543607e-02, test_loss: 3.653083e-02
    用时: 23.24s (100步), 总时间: 864.1s, 预计剩余: 10759.9s
  Step 3800, train_loss: 3.556908e-02, test_loss: 3.686072e-02
    用时: 23.25s (100步), 总时间: 887.3s, 预计剩余: 10742.8s
  Step 3900, train_loss: 3.543369e-02, test_loss: 3.653025e-02
    用时: 23.27s (100步), 总时间: 910.6s, 预计剩余: 10725.2s
  Step 4000, train_loss: 3.543295e-02, test_loss: 3.653153e-02
    用时: 23.26s (100步), 总时间: 933.8s, 预计剩余: 10700.6s
  Step 4100, train_loss: 3.543247e-02, test_loss: 3.651803e-02
    用时: 23.23s (100步), 总时间: 957.1s, 预计剩余: 10663.1s
  Step 4200, train_loss: 3.543193e-02, test_loss: 3.653145e-02
    用时: 23.23s (100步), 总时间: 980.3s, 预计剩余: 10640.9s
  Step 4300, train_loss: 3.543223e-02, test_loss: 3.653720e-02
    用时: 23.23s (100步), 总时间: 1003.5s, 预计剩余: 10617.3s
  Step 4400, train_loss: 3.543123e-02, test_loss: 3.653132e-02
    用时: 23.25s (100步), 总时间: 1026.8s, 预计剩余: 10603.6s
  Step 4500, train_loss: 3.543494e-02, test_loss: 3.684022e-02
    用时: 23.24s (100步), 总时间: 1050.0s, 预计剩余: 10574.8s
  Step 4600, train_loss: 3.543090e-02, test_loss: 3.652988e-02
    用时: 23.24s (100步), 总时间: 1073.3s, 预计剩余: 10550.2s
  Step 4700, train_loss: 3.549310e-02, test_loss: 3.670004e-02
    用时: 23.24s (100步), 总时间: 1096.5s, 预计剩余: 10527.6s
  Step 4800, train_loss: 3.543060e-02, test_loss: 3.652826e-02
    用时: 23.23s (100步), 总时间: 1119.7s, 预计剩余: 10501.8s
  Step 4900, train_loss: 3.543054e-02, test_loss: 3.652901e-02
    用时: 23.23s (100步), 总时间: 1143.0s, 预计剩余: 10474.8s
  Step 5000, train_loss: 3.587811e-02, test_loss: 3.666281e-02
    用时: 23.24s (100步), 总时间: 1166.2s, 预计剩余: 10456.4s
  Step 5100, train_loss: 3.543060e-02, test_loss: 3.652944e-02
    用时: 23.23s (100步), 总时间: 1189.4s, 预计剩余: 10431.1s
  Step 5200, train_loss: 3.543185e-02, test_loss: 3.651848e-02
    用时: 23.24s (100步), 总时间: 1212.7s, 预计剩余: 10412.5s
  Step 5300, train_loss: 3.543059e-02, test_loss: 3.652586e-02
    用时: 23.40s (100步), 总时间: 1236.1s, 预计剩余: 10461.1s
  Step 5400, train_loss: 3.543066e-02, test_loss: 3.652534e-02
    用时: 23.15s (100步), 总时间: 1259.2s, 预计剩余: 10326.0s
  Step 5500, train_loss: 3.543456e-02, test_loss: 3.651782e-02
    用时: 23.22s (100步), 总时间: 1282.4s, 预计剩余: 10331.1s
  Step 5600, train_loss: 3.543191e-02, test_loss: 3.655041e-02
    用时: 23.25s (100步), 总时间: 1305.7s, 预计剩余: 10324.1s
  Step 5700, train_loss: 3.543100e-02, test_loss: 3.652309e-02
    用时: 23.27s (100步), 总时间: 1329.0s, 预计剩余: 10307.9s
  Step 5800, train_loss: 3.544237e-02, test_loss: 3.646623e-02
    用时: 23.29s (100步), 总时间: 1352.3s, 预计剩余: 10294.1s
  Step 5900, train_loss: 3.543136e-02, test_loss: 3.651970e-02
    用时: 23.33s (100步), 总时间: 1375.6s, 预计剩余: 10290.7s
  Step 6000, train_loss: 3.566413e-02, test_loss: 3.700800e-02
    用时: 23.31s (100步), 总时间: 1398.9s, 预计剩余: 10258.4s
  Step 6100, train_loss: 3.543169e-02, test_loss: 3.651827e-02
    用时: 23.33s (100步), 总时间: 1422.2s, 预计剩余: 10243.8s
  Step 6200, train_loss: 3.543189e-02, test_loss: 3.651874e-02
    用时: 23.35s (100步), 总时间: 1445.6s, 预计剩余: 10227.6s
  Step 6300, train_loss: 3.543285e-02, test_loss: 3.651163e-02
    用时: 23.34s (100步), 总时间: 1468.9s, 预计剩余: 10200.9s
  Step 6400, train_loss: 3.543236e-02, test_loss: 3.651673e-02
    用时: 23.36s (100步), 总时间: 1492.3s, 预计剩余: 10184.1s
  Step 6500, train_loss: 3.563945e-02, test_loss: 3.658167e-02
    用时: 23.38s (100步), 总时间: 1515.7s, 预计剩余: 10170.3s
  Step 6600, train_loss: 3.543281e-02, test_loss: 3.651457e-02
    用时: 23.38s (100步), 总时间: 1539.0s, 预计剩余: 10145.0s
  Step 6700, train_loss: 3.543311e-02, test_loss: 3.651785e-02
    用时: 23.38s (100步), 总时间: 1562.4s, 预计剩余: 10124.8s
  Step 6800, train_loss: 3.543353e-02, test_loss: 3.651828e-02
    用时: 23.38s (100步), 总时间: 1585.8s, 预计剩余: 10100.2s
  Step 6900, train_loss: 3.543364e-02, test_loss: 3.651247e-02
    用时: 23.40s (100步), 总时间: 1609.2s, 预计剩余: 10083.4s
  Step 7000, train_loss: 3.543394e-02, test_loss: 3.650857e-02
    用时: 23.37s (100步), 总时间: 1632.6s, 预计剩余: 10051.1s
  Step 7100, train_loss: 3.543416e-02, test_loss: 3.651103e-02
    用时: 23.31s (100步), 总时间: 1655.9s, 预计剩余: 9999.8s
  Step 7200, train_loss: 3.545315e-02, test_loss: 3.645594e-02
    用时: 23.26s (100步), 总时间: 1679.1s, 预计剩余: 9954.2s
  Step 7300, train_loss: 3.543476e-02, test_loss: 3.650898e-02
    用时: 23.28s (100步), 总时间: 1702.4s, 预计剩余: 9942.0s
  Step 7400, train_loss: 3.543508e-02, test_loss: 3.650868e-02
    用时: 23.30s (100步), 总时间: 1725.7s, 预计剩余: 9926.3s
  Step 7500, train_loss: 3.543589e-02, test_loss: 3.650998e-02
    用时: 23.28s (100步), 总时间: 1749.0s, 预计剩余: 9893.7s
  Step 7600, train_loss: 3.543565e-02, test_loss: 3.650748e-02
    用时: 23.29s (100步), 总时间: 1772.3s, 预计剩余: 9874.3s
  Step 7700, train_loss: 3.543651e-02, test_loss: 3.651492e-02
    用时: 23.26s (100步), 总时间: 1795.6s, 预计剩余: 9839.9s
  Step 7800, train_loss: 3.543628e-02, test_loss: 3.650563e-02
    用时: 23.26s (100步), 总时间: 1818.8s, 预计剩余: 9816.2s
  Step 7900, train_loss: 3.543662e-02, test_loss: 3.650506e-02
    用时: 23.26s (100步), 总时间: 1842.1s, 预计剩余: 9791.7s
  Step 8000, train_loss: 3.543710e-02, test_loss: 3.650816e-02
    用时: 23.27s (100步), 总时间: 1865.4s, 预计剩余: 9775.1s
  Step 8100, train_loss: 3.570426e-02, test_loss: 3.653444e-02
    用时: 23.24s (100步), 总时间: 1888.6s, 预计剩余: 9735.7s
  Step 8200, train_loss: 3.543750e-02, test_loss: 3.650221e-02
    用时: 23.24s (100步), 总时间: 1911.8s, 预计剩余: 9715.1s
  Step 8300, train_loss: 3.543782e-02, test_loss: 3.650207e-02
    用时: 23.24s (100步), 总时间: 1935.1s, 预计剩余: 9693.0s
  Step 8400, train_loss: 3.545816e-02, test_loss: 3.649280e-02
    用时: 23.25s (100步), 总时间: 1958.3s, 预计剩余: 9673.3s
  Step 8500, train_loss: 3.543865e-02, test_loss: 3.649156e-02
    用时: 23.27s (100步), 总时间: 1981.6s, 预计剩余: 9657.3s
  Step 8600, train_loss: 3.543869e-02, test_loss: 3.650092e-02
    用时: 23.27s (100步), 总时间: 2004.9s, 预计剩余: 9635.6s
  Step 8700, train_loss: 3.543897e-02, test_loss: 3.649903e-02
    用时: 23.27s (100步), 总时间: 2028.1s, 预计剩余: 9608.6s
  Step 8800, train_loss: 3.572393e-02, test_loss: 3.714680e-02
    用时: 23.27s (100步), 总时间: 2051.4s, 预计剩余: 9587.8s
  Step 8900, train_loss: 3.543953e-02, test_loss: 3.649871e-02
    用时: 23.27s (100步), 总时间: 2074.7s, 预计剩余: 9562.8s
  Step 9000, train_loss: 3.544030e-02, test_loss: 3.650077e-02
    用时: 23.28s (100步), 总时间: 2098.0s, 预计剩余: 9544.4s
  Step 9100, train_loss: 3.544001e-02, test_loss: 3.649580e-02
    用时: 23.26s (100步), 总时间: 2121.2s, 预计剩余: 9512.6s
  Step 9200, train_loss: 3.547158e-02, test_loss: 3.649395e-02
    用时: 23.25s (100步), 总时间: 2144.5s, 预计剩余: 9484.3s
  Step 9300, train_loss: 3.544046e-02, test_loss: 3.649439e-02
    用时: 23.23s (100步), 总时间: 2167.7s, 预计剩余: 9456.3s
  Step 9400, train_loss: 3.544138e-02, test_loss: 3.648053e-02
    用时: 23.24s (100步), 总时间: 2190.9s, 预计剩余: 9435.0s
  Step 9500, train_loss: 3.544091e-02, test_loss: 3.649244e-02
    用时: 23.25s (100步), 总时间: 2214.2s, 预计剩余: 9417.0s
  Step 9600, train_loss: 3.544114e-02, test_loss: 3.649179e-02
    用时: 23.24s (100步), 总时间: 2237.4s, 预计剩余: 9389.4s
  Step 9700, train_loss: 3.544150e-02, test_loss: 3.649101e-02
    用时: 23.26s (100步), 总时间: 2260.7s, 预计剩余: 9372.4s
  Step 9800, train_loss: 3.562118e-02, test_loss: 3.668701e-02
    用时: 23.26s (100步), 总时间: 2283.9s, 预计剩余: 9350.7s
  Step 9900, train_loss: 3.544171e-02, test_loss: 3.648955e-02
    用时: 23.24s (100步), 总时间: 2307.2s, 预计剩余: 9318.4s
  Step 10000, train_loss: 3.544191e-02, test_loss: 3.648870e-02
    用时: 23.23s (100步), 总时间: 2330.4s, 预计剩余: 9291.1s
  Step 10100, train_loss: 3.553211e-02, test_loss: 3.642970e-02
    用时: 23.26s (100步), 总时间: 2353.7s, 预计剩余: 9282.7s
  Step 10200, train_loss: 3.544229e-02, test_loss: 3.648681e-02
    用时: 23.26s (100步), 总时间: 2376.9s, 预计剩余: 9258.6s
  Step 10300, train_loss: 3.544292e-02, test_loss: 3.648547e-02
    用时: 23.26s (100步), 总时间: 2400.2s, 预计剩余: 9235.0s
  Step 10400, train_loss: 3.544259e-02, test_loss: 3.648654e-02
    用时: 23.27s (100步), 总时间: 2423.5s, 预计剩余: 9213.0s
  Step 10500, train_loss: 3.544730e-02, test_loss: 3.644826e-02
    用时: 23.26s (100步), 总时间: 2446.7s, 预计剩余: 9186.9s
  Step 10600, train_loss: 3.544295e-02, test_loss: 3.648396e-02
    用时: 23.25s (100步), 总时间: 2470.0s, 预计剩余: 9160.7s
  Step 10700, train_loss: 3.544351e-02, test_loss: 3.648504e-02
    用时: 23.24s (100步), 总时间: 2493.2s, 预计剩余: 9135.2s
  Step 10800, train_loss: 3.544323e-02, test_loss: 3.648532e-02
    用时: 23.26s (100步), 总时间: 2516.5s, 预计剩余: 9116.1s
  Step 10900, train_loss: 3.544570e-02, test_loss: 3.646753e-02
    用时: 23.26s (100步), 总时间: 2539.7s, 预计剩余: 9094.7s
  Step 11000, train_loss: 3.545263e-02, test_loss: 3.649888e-02
    用时: 23.26s (100步), 总时间: 2563.0s, 预计剩余: 9073.2s
  Step 11100, train_loss: 3.544367e-02, test_loss: 3.648477e-02
    用时: 23.26s (100步), 总时间: 2586.3s, 预计剩余: 9049.4s
  Step 11200, train_loss: 3.544382e-02, test_loss: 3.648480e-02
    用时: 23.25s (100步), 总时间: 2609.5s, 预计剩余: 9021.9s
  Step 11300, train_loss: 3.544505e-02, test_loss: 3.647010e-02
    用时: 23.26s (100步), 总时间: 2632.8s, 预计剩余: 9003.0s
  Step 11400, train_loss: 3.544518e-02, test_loss: 3.648603e-02
    用时: 23.25s (100步), 总时间: 2656.0s, 预计剩余: 8972.6s
  Step 11500, train_loss: 3.544426e-02, test_loss: 3.648424e-02
    用时: 23.21s (100步), 总时间: 2679.2s, 预计剩余: 8937.4s
  Step 11600, train_loss: 3.544541e-02, test_loss: 3.650685e-02
    用时: 23.22s (100步), 总时间: 2702.5s, 预计剩余: 8916.8s
  Step 11700, train_loss: 3.546027e-02, test_loss: 3.658422e-02
    用时: 23.24s (100步), 总时间: 2725.7s, 预计剩余: 8899.1s
  Step 11800, train_loss: 3.544470e-02, test_loss: 3.648459e-02
    用时: 23.20s (100步), 总时间: 2748.9s, 预计剩余: 8863.0s
  Step 11900, train_loss: 3.544484e-02, test_loss: 3.648353e-02
    用时: 23.17s (100步), 总时间: 2772.1s, 预计剩余: 8826.8s
  Step 12000, train_loss: 3.544520e-02, test_loss: 3.648177e-02
    用时: 23.15s (100步), 总时间: 2795.2s, 预计剩余: 8798.8s
  Step 12100, train_loss: 3.553430e-02, test_loss: 3.644124e-02
    用时: 23.13s (100步), 总时间: 2818.3s, 预计剩余: 8765.4s
  Step 12200, train_loss: 3.544522e-02, test_loss: 3.648185e-02
    用时: 23.12s (100步), 总时间: 2841.5s, 预计剩余: 8739.1s
  Step 12300, train_loss: 3.544534e-02, test_loss: 3.648202e-02
    用时: 23.13s (100步), 总时间: 2864.6s, 预计剩余: 8719.7s
  Step 12400, train_loss: 3.545357e-02, test_loss: 3.646624e-02
    用时: 23.14s (100步), 总时间: 2887.7s, 预计剩余: 8698.8s
  Step 12500, train_loss: 3.552004e-02, test_loss: 3.644999e-02
    用时: 23.14s (100步), 总时间: 2910.9s, 预计剩余: 8678.8s
  Step 12600, train_loss: 3.544562e-02, test_loss: 3.648090e-02
    用时: 23.15s (100步), 总时间: 2934.0s, 预计剩余: 8656.8s
  Step 12700, train_loss: 3.544824e-02, test_loss: 3.650498e-02
    用时: 23.14s (100步), 总时间: 2957.2s, 预计剩余: 8632.0s
  Step 12800, train_loss: 3.544576e-02, test_loss: 3.647922e-02
    用时: 23.14s (100步), 总时间: 2980.3s, 预计剩余: 8609.0s
  Step 12900, train_loss: 3.545288e-02, test_loss: 3.650554e-02
    用时: 23.13s (100步), 总时间: 3003.4s, 预计剩余: 8582.6s
  Step 13000, train_loss: 3.544582e-02, test_loss: 3.647876e-02
    用时: 23.13s (100步), 总时间: 3026.6s, 预计剩余: 8559.6s
  Step 13100, train_loss: 3.544636e-02, test_loss: 3.648888e-02
    用时: 23.13s (100步), 总时间: 3049.7s, 预计剩余: 8534.3s
  Step 13200, train_loss: 3.544585e-02, test_loss: 3.647805e-02
    用时: 23.13s (100步), 总时间: 3072.8s, 预计剩余: 8512.9s
  Step 13300, train_loss: 3.544609e-02, test_loss: 3.648733e-02
    用时: 23.20s (100步), 总时间: 3096.0s, 预计剩余: 8514.3s
  Step 13400, train_loss: 3.544579e-02, test_loss: 3.647878e-02
    用时: 23.10s (100步), 总时间: 3119.1s, 预计剩余: 8456.4s
  Step 13500, train_loss: 3.544574e-02, test_loss: 3.647904e-02
    用时: 23.10s (100步), 总时间: 3142.2s, 预计剩余: 8431.2s
  Step 13600, train_loss: 3.544566e-02, test_loss: 3.647672e-02
    用时: 23.11s (100步), 总时间: 3165.3s, 预计剩余: 8413.0s
  Step 13700, train_loss: 3.544604e-02, test_loss: 3.648958e-02
    用时: 23.12s (100步), 总时间: 3188.5s, 预计剩余: 8390.9s
  Step 13800, train_loss: 3.553027e-02, test_loss: 3.656095e-02
    用时: 23.09s (100步), 总时间: 3211.6s, 预计剩余: 8359.2s
  Step 13900, train_loss: 3.544528e-02, test_loss: 3.647643e-02
    用时: 23.09s (100步), 总时间: 3234.6s, 预计剩余: 8334.4s
  Step 14000, train_loss: 3.544511e-02, test_loss: 3.647633e-02
    用时: 23.09s (100步), 总时间: 3257.7s, 预计剩余: 8313.1s
  Step 14100, train_loss: 3.544638e-02, test_loss: 3.650221e-02
    用时: 23.10s (100步), 总时间: 3280.8s, 预计剩余: 8293.5s
  Step 14200, train_loss: 3.544463e-02, test_loss: 3.647650e-02
    用时: 23.09s (100步), 总时间: 3303.9s, 预计剩余: 8265.8s
  Step 14300, train_loss: 3.544442e-02, test_loss: 3.647580e-02
    用时: 23.10s (100步), 总时间: 3327.0s, 预计剩余: 8245.9s
  Step 14400, train_loss: 3.544388e-02, test_loss: 3.647744e-02
    用时: 23.09s (100步), 总时间: 3350.1s, 预计剩余: 8219.1s
  Step 14500, train_loss: 3.545984e-02, test_loss: 3.644614e-02
    用时: 23.08s (100步), 总时间: 3373.2s, 预计剩余: 8193.7s
  Step 14600, train_loss: 3.544280e-02, test_loss: 3.647866e-02
    用时: 23.10s (100步), 总时间: 3396.3s, 预计剩余: 8179.1s
  Step 14700, train_loss: 3.544211e-02, test_loss: 3.648048e-02
    用时: 23.09s (100步), 总时间: 3419.4s, 预计剩余: 8152.0s
  Step 14800, train_loss: 3.544099e-02, test_loss: 3.648179e-02
    用时: 23.09s (100步), 总时间: 3442.5s, 预计剩余: 8128.0s
  Step 14900, train_loss: 3.545291e-02, test_loss: 3.656700e-02
    用时: 23.10s (100步), 总时间: 3465.6s, 预计剩余: 8109.4s
  Step 15000, train_loss: 3.543794e-02, test_loss: 3.648670e-02
    用时: 23.10s (100步), 总时间: 3488.7s, 预计剩余: 8085.1s
  Step 15100, train_loss: 3.543601e-02, test_loss: 3.649218e-02
    用时: 23.09s (100步), 总时间: 3511.8s, 预计剩余: 8058.1s
  Step 15200, train_loss: 3.543258e-02, test_loss: 3.649606e-02
    用时: 23.08s (100步), 总时间: 3534.9s, 预计剩余: 8032.3s
  Step 15300, train_loss: 3.544483e-02, test_loss: 3.646219e-02
    用时: 23.08s (100步), 总时间: 3557.9s, 预计剩余: 8007.6s
  Step 15400, train_loss: 3.542523e-02, test_loss: 3.651201e-02
    用时: 23.07s (100步), 总时间: 3581.0s, 预计剩余: 7983.5s
  Step 15500, train_loss: 3.542352e-02, test_loss: 3.653177e-02
    用时: 23.09s (100步), 总时间: 3604.1s, 预计剩余: 7964.9s
  Step 15600, train_loss: 3.542042e-02, test_loss: 3.652303e-02
    用时: 23.11s (100步), 总时间: 3627.2s, 预计剩余: 7950.0s
  Step 15700, train_loss: 3.541944e-02, test_loss: 3.653268e-02
    用时: 23.10s (100步), 总时间: 3650.3s, 预计剩余: 7921.9s
  Step 15800, train_loss: 3.541911e-02, test_loss: 3.653050e-02
    用时: 23.10s (100步), 总时间: 3673.4s, 预计剩余: 7900.4s
  Step 15900, train_loss: 3.541892e-02, test_loss: 3.653498e-02
    用时: 23.09s (100步), 总时间: 3696.5s, 预计剩余: 7874.7s
  Step 16000, train_loss: 3.542024e-02, test_loss: 3.656004e-02
    用时: 23.08s (100步), 总时间: 3719.6s, 预计剩余: 7847.9s
  Step 16100, train_loss: 3.541906e-02, test_loss: 3.653518e-02
    用时: 23.08s (100步), 总时间: 3742.7s, 预计剩余: 7825.6s
  Step 16200, train_loss: 3.542449e-02, test_loss: 3.658191e-02
    用时: 23.08s (100步), 总时间: 3765.7s, 预计剩余: 7800.6s
  Step 16300, train_loss: 3.541936e-02, test_loss: 3.653783e-02
    用时: 23.07s (100步), 总时间: 3788.8s, 预计剩余: 7775.7s
  Step 16400, train_loss: 3.541940e-02, test_loss: 3.653562e-02
    用时: 23.09s (100步), 总时间: 3811.9s, 预计剩余: 7759.0s
  Step 16500, train_loss: 3.541997e-02, test_loss: 3.654555e-02
    用时: 23.09s (100步), 总时间: 3835.0s, 预计剩余: 7734.1s
  Step 16600, train_loss: 3.542004e-02, test_loss: 3.652827e-02
    用时: 23.09s (100步), 总时间: 3858.1s, 预计剩余: 7712.1s
  Step 16700, train_loss: 3.541969e-02, test_loss: 3.653478e-02
    用时: 23.09s (100步), 总时间: 3881.2s, 预计剩余: 7687.7s
  Step 16800, train_loss: 3.542030e-02, test_loss: 3.654297e-02
    用时: 23.09s (100步), 总时间: 3904.3s, 预计剩余: 7667.4s
  Step 16900, train_loss: 3.542343e-02, test_loss: 3.655651e-02
    用时: 23.09s (100步), 总时间: 3927.4s, 预计剩余: 7643.7s
  Step 17000, train_loss: 3.541995e-02, test_loss: 3.652957e-02
    用时: 23.08s (100步), 总时间: 3950.4s, 预计剩余: 7616.8s
  Step 17100, train_loss: 3.541989e-02, test_loss: 3.653675e-02
    用时: 23.08s (100步), 总时间: 3973.5s, 预计剩余: 7594.1s
  Step 17200, train_loss: 3.541989e-02, test_loss: 3.653490e-02
    用时: 23.09s (100步), 总时间: 3996.6s, 预计剩余: 7573.3s
  Step 17300, train_loss: 3.542146e-02, test_loss: 3.655136e-02
    用时: 23.09s (100步), 总时间: 4019.7s, 预计剩余: 7549.6s
  Step 17400, train_loss: 3.542315e-02, test_loss: 3.654723e-02
    用时: 23.09s (100步), 总时间: 4042.8s, 预计剩余: 7527.5s
  Step 17500, train_loss: 3.546727e-02, test_loss: 3.663174e-02
    用时: 23.10s (100步), 总时间: 4065.9s, 预计剩余: 7507.8s
  Step 17600, train_loss: 3.541984e-02, test_loss: 3.653665e-02
    用时: 23.09s (100步), 总时间: 4089.0s, 预计剩余: 7481.7s
  Step 17700, train_loss: 3.541992e-02, test_loss: 3.653963e-02
    用时: 23.10s (100步), 总时间: 4112.1s, 预计剩余: 7460.0s
  Step 17800, train_loss: 3.541975e-02, test_loss: 3.653848e-02
    用时: 23.10s (100步), 总时间: 4135.2s, 预计剩余: 7436.9s
  Step 17900, train_loss: 3.541973e-02, test_loss: 3.653707e-02
    用时: 23.09s (100步), 总时间: 4158.3s, 预计剩余: 7412.3s
  Step 18000, train_loss: 3.542035e-02, test_loss: 3.653730e-02
    用时: 23.11s (100步), 总时间: 4181.4s, 预计剩余: 7396.7s
  Step 18100, train_loss: 3.543151e-02, test_loss: 3.658731e-02
    用时: 23.11s (100步), 总时间: 4204.5s, 预计剩余: 7371.8s
  Step 18200, train_loss: 3.541957e-02, test_loss: 3.653923e-02
    用时: 23.09s (100步), 总时间: 4227.6s, 预计剩余: 7344.1s
  Step 18300, train_loss: 3.543103e-02, test_loss: 3.660789e-02
    用时: 23.10s (100步), 总时间: 4250.7s, 预计剩余: 7322.4s
  Step 18400, train_loss: 3.541945e-02, test_loss: 3.653953e-02
    用时: 23.10s (100步), 总时间: 4273.8s, 预计剩余: 7298.2s
  Step 18500, train_loss: 3.542070e-02, test_loss: 3.654964e-02
    用时: 23.08s (100步), 总时间: 4296.8s, 预计剩余: 7269.6s
  Step 18600, train_loss: 3.541932e-02, test_loss: 3.653986e-02
    用时: 23.07s (100步), 总时间: 4319.9s, 预计剩余: 7244.7s
  Step 18700, train_loss: 3.541938e-02, test_loss: 3.654306e-02
    用时: 23.07s (100步), 总时间: 4343.0s, 预计剩余: 7220.8s
  Step 18800, train_loss: 3.541920e-02, test_loss: 3.654038e-02
    用时: 23.09s (100步), 总时间: 4366.1s, 预计剩余: 7202.7s
  Step 18900, train_loss: 3.541915e-02, test_loss: 3.654049e-02
    用时: 23.11s (100步), 总时间: 4389.2s, 预计剩余: 7187.5s
  Step 19000, train_loss: 3.542044e-02, test_loss: 3.652986e-02
    用时: 23.11s (100步), 总时间: 4412.3s, 预计剩余: 7163.4s
  Step 19100, train_loss: 3.541920e-02, test_loss: 3.653669e-02
    用时: 23.13s (100步), 总时间: 4435.4s, 预计剩余: 7146.9s
  Step 19200, train_loss: 3.541894e-02, test_loss: 3.654310e-02
    用时: 23.01s (100步), 总时间: 4458.4s, 预计剩余: 7087.0s
  Step 19300, train_loss: 3.541900e-02, test_loss: 3.653913e-02
    用时: 23.08s (100步), 总时间: 4481.5s, 预计剩余: 7084.2s
  Step 19400, train_loss: 3.542272e-02, test_loss: 3.654566e-02
    用时: 23.11s (100步), 总时间: 4504.6s, 预计剩余: 7071.8s
  Step 19500, train_loss: 3.541915e-02, test_loss: 3.655365e-02
    用时: 23.13s (100步), 总时间: 4527.8s, 预计剩余: 7055.0s
  Step 19600, train_loss: 3.541870e-02, test_loss: 3.654496e-02
    用时: 23.14s (100步), 总时间: 4550.9s, 预计剩余: 7033.3s
  Step 19700, train_loss: 3.542118e-02, test_loss: 3.656958e-02
    用时: 23.16s (100步), 总时间: 4574.0s, 预计剩余: 7017.8s
  Step 19800, train_loss: 3.544482e-02, test_loss: 3.652957e-02
    用时: 23.16s (100步), 总时间: 4597.2s, 预计剩余: 6994.4s
  Step 19900, train_loss: 3.541848e-02, test_loss: 3.654470e-02
    用时: 23.17s (100步), 总时间: 4620.4s, 预计剩余: 6973.3s
  Step 20000, train_loss: 3.541891e-02, test_loss: 3.655590e-02
    用时: 23.17s (100步), 总时间: 4643.5s, 预计剩余: 6952.4s
  Step 20100, train_loss: 3.541838e-02, test_loss: 3.654494e-02
    用时: 23.18s (100步), 总时间: 4666.7s, 预计剩余: 6929.7s
  Step 20200, train_loss: 3.541831e-02, test_loss: 3.654543e-02
    用时: 23.19s (100步), 总时间: 4689.9s, 预计剩余: 6910.8s
  Step 20300, train_loss: 3.541923e-02, test_loss: 3.654537e-02
    用时: 23.18s (100步), 总时间: 4713.1s, 预计剩余: 6884.4s
  Step 20400, train_loss: 3.541819e-02, test_loss: 3.654597e-02
    用时: 23.18s (100步), 总时间: 4736.3s, 预计剩余: 6861.2s
  Step 20500, train_loss: 3.541812e-02, test_loss: 3.654649e-02
    用时: 23.15s (100步), 总时间: 4759.4s, 预计剩余: 6829.1s
  Step 20600, train_loss: 3.541828e-02, test_loss: 3.654819e-02
    用时: 23.17s (100步), 总时间: 4782.6s, 预计剩余: 6812.1s
  Step 20700, train_loss: 3.541807e-02, test_loss: 3.654420e-02
    用时: 23.15s (100步), 总时间: 4805.7s, 预计剩余: 6783.0s
  Step 20800, train_loss: 3.541793e-02, test_loss: 3.654764e-02
    用时: 23.14s (100步), 总时间: 4828.9s, 预计剩余: 6756.9s
  Step 20900, train_loss: 3.545683e-02, test_loss: 3.671015e-02
    用时: 23.14s (100步), 总时间: 4852.0s, 预计剩余: 6734.3s
  Step 21000, train_loss: 3.541779e-02, test_loss: 3.654893e-02
    用时: 23.13s (100步), 总时间: 4875.2s, 预计剩余: 6708.0s
  Step 21100, train_loss: 3.541775e-02, test_loss: 3.654679e-02
    用时: 23.12s (100步), 总时间: 4898.3s, 预计剩余: 6682.0s
  Step 21200, train_loss: 3.541768e-02, test_loss: 3.654916e-02
    用时: 23.12s (100步), 总时间: 4921.4s, 预计剩余: 6658.6s
  Step 21300, train_loss: 3.542239e-02, test_loss: 3.654874e-02
    用时: 23.12s (100步), 总时间: 4944.5s, 预计剩余: 6636.6s
  Step 21400, train_loss: 3.541754e-02, test_loss: 3.654902e-02
    用时: 23.14s (100步), 总时间: 4967.7s, 预计剩余: 6616.6s
  Step 21500, train_loss: 3.541750e-02, test_loss: 3.654635e-02
    用时: 23.14s (100步), 总时间: 4990.8s, 预计剩余: 6594.1s
  Step 21600, train_loss: 3.543571e-02, test_loss: 3.655297e-02
    用时: 23.17s (100步), 总时间: 5014.0s, 预计剩余: 6580.4s
  Step 21700, train_loss: 3.541736e-02, test_loss: 3.655179e-02
    用时: 23.14s (100步), 总时间: 5037.1s, 预计剩余: 6548.3s
  Step 21800, train_loss: 3.541729e-02, test_loss: 3.654906e-02
    用时: 23.11s (100步), 总时间: 5060.2s, 预计剩余: 6517.5s
  Step 21900, train_loss: 3.541722e-02, test_loss: 3.655087e-02
    用时: 23.14s (100步), 总时间: 5083.4s, 预计剩余: 6501.8s
  Step 22000, train_loss: 3.541825e-02, test_loss: 3.655465e-02
    用时: 23.14s (100步), 总时间: 5106.5s, 预计剩余: 6480.5s
  Step 22100, train_loss: 3.541708e-02, test_loss: 3.655135e-02
    用时: 23.12s (100步), 总时间: 5129.6s, 预计剩余: 6450.2s
  Step 22200, train_loss: 3.541704e-02, test_loss: 3.655152e-02
    用时: 23.13s (100步), 总时间: 5152.7s, 预计剩余: 6430.0s
  Step 22300, train_loss: 3.541697e-02, test_loss: 3.655008e-02
    用时: 23.13s (100步), 总时间: 5175.9s, 预计剩余: 6407.5s
  Step 22400, train_loss: 3.541691e-02, test_loss: 3.655219e-02
    用时: 23.11s (100步), 总时间: 5199.0s, 预计剩余: 6378.8s
  Step 22500, train_loss: 3.541685e-02, test_loss: 3.655190e-02
    用时: 23.11s (100步), 总时间: 5222.1s, 预计剩余: 6355.0s
  Step 22600, train_loss: 3.541890e-02, test_loss: 3.656733e-02
    用时: 23.12s (100步), 总时间: 5245.2s, 预计剩余: 6335.3s
  Step 22700, train_loss: 3.541672e-02, test_loss: 3.655332e-02
    用时: 23.15s (100步), 总时间: 5268.4s, 预计剩余: 6320.4s
  Step 22800, train_loss: 3.541669e-02, test_loss: 3.655352e-02
    用时: 23.19s (100步), 总时间: 5291.6s, 预计剩余: 6307.3s
  Step 22900, train_loss: 3.541680e-02, test_loss: 3.655160e-02
    用时: 23.18s (100步), 总时间: 5314.7s, 预计剩余: 6283.1s
  Step 23000, train_loss: 3.547445e-02, test_loss: 3.649222e-02
    用时: 23.18s (100步), 总时间: 5337.9s, 预计剩余: 6258.0s
  Step 23100, train_loss: 3.541641e-02, test_loss: 3.655477e-02
    用时: 23.17s (100步), 总时间: 5361.1s, 预计剩余: 6232.1s
  Step 23200, train_loss: 3.541636e-02, test_loss: 3.655442e-02
    用时: 23.24s (100步), 总时间: 5384.3s, 预计剩余: 6227.0s
  Step 23300, train_loss: 3.546444e-02, test_loss: 3.657798e-02
    用时: 23.20s (100步), 总时间: 5407.5s, 预计剩余: 6193.2s
  Step 23400, train_loss: 3.541624e-02, test_loss: 3.655501e-02
    用时: 23.14s (100步), 总时间: 5430.7s, 预计剩余: 6155.6s
  Step 23500, train_loss: 3.541618e-02, test_loss: 3.655519e-02
    用时: 23.11s (100步), 总时间: 5453.8s, 预计剩余: 6123.5s
  Step 23600, train_loss: 3.541637e-02, test_loss: 3.654913e-02
    用时: 23.09s (100步), 总时间: 5476.9s, 预计剩余: 6096.7s
  Step 23700, train_loss: 3.541604e-02, test_loss: 3.655577e-02
    用时: 23.06s (100步), 总时间: 5499.9s, 预计剩余: 6065.8s
  Step 23800, train_loss: 3.541652e-02, test_loss: 3.655848e-02
    用时: 23.04s (100步), 总时间: 5523.0s, 预计剩余: 6036.4s
  Step 23900, train_loss: 3.541590e-02, test_loss: 3.655619e-02
    用时: 23.04s (100步), 总时间: 5546.0s, 预计剩余: 6013.2s
  Step 24000, train_loss: 3.541584e-02, test_loss: 3.655688e-02
    用时: 23.07s (100步), 总时间: 5569.1s, 预计剩余: 5998.5s
  Step 24100, train_loss: 3.541580e-02, test_loss: 3.655507e-02
    用时: 23.06s (100步), 总时间: 5592.1s, 预计剩余: 5972.6s
  Step 24200, train_loss: 3.541570e-02, test_loss: 3.655713e-02
    用时: 23.08s (100步), 总时间: 5615.2s, 预计剩余: 5954.7s
  Step 24300, train_loss: 3.541562e-02, test_loss: 3.655286e-02
    用时: 23.05s (100步), 总时间: 5638.3s, 预计剩余: 5923.8s
  Step 24400, train_loss: 3.541555e-02, test_loss: 3.655757e-02
    用时: 23.07s (100步), 总时间: 5661.3s, 预计剩余: 5905.3s
  Step 24500, train_loss: 3.542426e-02, test_loss: 3.660513e-02
    用时: 23.10s (100步), 总时间: 5684.4s, 预计剩余: 5890.1s
  Step 24600, train_loss: 3.541540e-02, test_loss: 3.655777e-02
    用时: 23.09s (100步), 总时间: 5707.5s, 预计剩余: 5864.9s
  Step 24700, train_loss: 3.541542e-02, test_loss: 3.656125e-02
    用时: 23.07s (100步), 总时间: 5730.6s, 预计剩余: 5835.9s
  Step 24800, train_loss: 3.541526e-02, test_loss: 3.655758e-02
    用时: 23.06s (100步), 总时间: 5753.7s, 预计剩余: 5812.3s
  Step 24900, train_loss: 3.541517e-02, test_loss: 3.655976e-02
    用时: 23.07s (100步), 总时间: 5776.7s, 预计剩余: 5790.2s
  Step 25000, train_loss: 3.541664e-02, test_loss: 3.655973e-02
    用时: 23.08s (100步), 总时间: 5799.8s, 预计剩余: 5770.3s
  Step 25100, train_loss: 3.542353e-02, test_loss: 3.660564e-02
    用时: 23.08s (100步), 总时间: 5822.9s, 预计剩余: 5747.2s
  Step 25200, train_loss: 3.541493e-02, test_loss: 3.655947e-02
    用时: 23.09s (100步), 总时间: 5846.0s, 预计剩余: 5727.3s
  Step 25300, train_loss: 3.541500e-02, test_loss: 3.655495e-02
    用时: 23.09s (100步), 总时间: 5869.1s, 预计剩余: 5702.2s
  Step 25400, train_loss: 3.541480e-02, test_loss: 3.655767e-02
    用时: 23.09s (100步), 总时间: 5892.2s, 预计剩余: 5680.5s
  Step 25500, train_loss: 3.541473e-02, test_loss: 3.657572e-02
    用时: 23.09s (100步), 总时间: 5915.2s, 预计剩余: 5656.5s
  Step 25600, train_loss: 3.541460e-02, test_loss: 3.656077e-02
    用时: 23.08s (100步), 总时间: 5938.3s, 预计剩余: 5631.5s
  Step 25700, train_loss: 3.541457e-02, test_loss: 3.656177e-02
    用时: 23.09s (100步), 总时间: 5961.4s, 预计剩余: 5611.1s
  Step 25800, train_loss: 3.542054e-02, test_loss: 3.654245e-02
    用时: 23.09s (100步), 总时间: 5984.5s, 预计剩余: 5587.6s
  Step 25900, train_loss: 3.541434e-02, test_loss: 3.656133e-02
    用时: 23.09s (100步), 总时间: 6007.6s, 预计剩余: 5565.5s
  Step 26000, train_loss: 3.541584e-02, test_loss: 3.655547e-02
    用时: 23.09s (100步), 总时间: 6030.7s, 预计剩余: 5540.7s
  Step 26100, train_loss: 3.541761e-02, test_loss: 3.653668e-02
    用时: 23.08s (100步), 总时间: 6053.8s, 预计剩余: 5515.2s
  Step 26200, train_loss: 3.541858e-02, test_loss: 3.654237e-02
    用时: 23.09s (100步), 总时间: 6076.9s, 预计剩余: 5495.7s
  Step 26300, train_loss: 3.542314e-02, test_loss: 3.662385e-02
    用时: 23.08s (100步), 总时间: 6099.9s, 预计剩余: 5469.9s
  Step 26400, train_loss: 3.541392e-02, test_loss: 3.656196e-02
    用时: 23.09s (100步), 总时间: 6123.0s, 预计剩余: 5448.8s
  Step 26500, train_loss: 3.543292e-02, test_loss: 3.651751e-02
    用时: 23.08s (100步), 总时间: 6146.1s, 预计剩余: 5424.1s
  Step 26600, train_loss: 3.541373e-02, test_loss: 3.656314e-02
    用时: 23.07s (100步), 总时间: 6169.2s, 预计剩余: 5399.0s
  Step 26700, train_loss: 3.543331e-02, test_loss: 3.654016e-02
    用时: 23.05s (100步), 总时间: 6192.2s, 预计剩余: 5369.7s
  Step 26800, train_loss: 3.541354e-02, test_loss: 3.656394e-02
    用时: 23.05s (100步), 总时间: 6215.3s, 预计剩余: 5348.7s
  Step 26900, train_loss: 3.541347e-02, test_loss: 3.656393e-02
    用时: 23.04s (100步), 总时间: 6238.3s, 预计剩余: 5323.1s
  Step 27000, train_loss: 3.543406e-02, test_loss: 3.650963e-02
    用时: 23.05s (100步), 总时间: 6261.4s, 预计剩余: 5302.6s
  Step 27100, train_loss: 3.541328e-02, test_loss: 3.656418e-02
    用时: 23.08s (100步), 总时间: 6284.5s, 预计剩余: 5285.8s
  Step 27200, train_loss: 3.541320e-02, test_loss: 3.656493e-02
    用时: 23.11s (100步), 总时间: 6307.6s, 预计剩余: 5268.0s
  Step 27300, train_loss: 3.541312e-02, test_loss: 3.656389e-02
    用时: 23.12s (100步), 总时间: 6330.7s, 预计剩余: 5249.1s
  Step 27400, train_loss: 3.548191e-02, test_loss: 3.674963e-02
    用时: 23.10s (100步), 总时间: 6353.8s, 预计剩余: 5220.7s
  Step 27500, train_loss: 3.541291e-02, test_loss: 3.656788e-02
    用时: 23.09s (100步), 总时间: 6376.9s, 预计剩余: 5195.6s
  Step 27600, train_loss: 3.541275e-02, test_loss: 3.656539e-02
    用时: 23.10s (100步), 总时间: 6400.0s, 预计剩余: 5173.8s
  Step 27700, train_loss: 3.541267e-02, test_loss: 3.656551e-02
    用时: 23.10s (100步), 总时间: 6423.1s, 预计剩余: 5151.8s
  Step 27800, train_loss: 3.541258e-02, test_loss: 3.656565e-02
    用时: 23.12s (100步), 总时间: 6446.2s, 预计剩余: 5132.1s
  Step 27900, train_loss: 3.542276e-02, test_loss: 3.661489e-02
    用时: 23.11s (100步), 总时间: 6469.3s, 预计剩余: 5106.3s
  Step 28000, train_loss: 3.541239e-02, test_loss: 3.656605e-02
    用时: 23.12s (100步), 总时间: 6492.4s, 预计剩余: 5085.5s
  Step 28100, train_loss: 3.541230e-02, test_loss: 3.656610e-02
    用时: 23.11s (100步), 总时间: 6515.5s, 预计剩余: 5061.4s
  Step 28200, train_loss: 3.541238e-02, test_loss: 3.655808e-02
    用时: 23.11s (100步), 总时间: 6538.6s, 预计剩余: 5037.1s
  Step 28300, train_loss: 3.541212e-02, test_loss: 3.656658e-02
    用时: 23.10s (100步), 总时间: 6561.7s, 预计剩余: 5012.8s
  Step 28400, train_loss: 3.541220e-02, test_loss: 3.656943e-02
    用时: 23.10s (100步), 总时间: 6584.8s, 预计剩余: 4989.2s
  Step 28500, train_loss: 3.541193e-02, test_loss: 3.656672e-02
    用时: 23.10s (100步), 总时间: 6607.9s, 预计剩余: 4965.9s
  Step 28600, train_loss: 3.541605e-02, test_loss: 3.657068e-02
    用时: 23.12s (100步), 总时间: 6631.1s, 预计剩余: 4948.6s
  Step 28700, train_loss: 3.541939e-02, test_loss: 3.662343e-02
    用时: 23.11s (100步), 总时间: 6654.2s, 预计剩余: 4923.2s
  Step 28800, train_loss: 3.541163e-02, test_loss: 3.656643e-02
    用时: 23.12s (100步), 总时间: 6677.3s, 预计剩余: 4900.9s
  Step 28900, train_loss: 3.541342e-02, test_loss: 3.658719e-02
    用时: 23.12s (100步), 总时间: 6700.4s, 预计剩余: 4878.1s
  Step 29000, train_loss: 3.541142e-02, test_loss: 3.656738e-02
    用时: 23.11s (100步), 总时间: 6723.5s, 预计剩余: 4853.8s
  Step 29100, train_loss: 3.541141e-02, test_loss: 3.656797e-02
    用时: 23.10s (100步), 总时间: 6746.6s, 预计剩余: 4828.7s
  Step 29200, train_loss: 3.541823e-02, test_loss: 3.658843e-02
    用时: 23.13s (100步), 总时间: 6769.8s, 预计剩余: 4811.4s
  Step 29300, train_loss: 3.541112e-02, test_loss: 3.656764e-02
    用时: 23.13s (100步), 总时间: 6792.9s, 预计剩余: 4787.8s
  Step 29400, train_loss: 3.542188e-02, test_loss: 3.662046e-02
    用时: 23.15s (100步), 总时间: 6816.0s, 预计剩余: 4768.3s
  Step 29500, train_loss: 3.541090e-02, test_loss: 3.656781e-02
    用时: 23.10s (100步), 总时间: 6839.1s, 预计剩余: 4736.4s
  Step 29600, train_loss: 3.541123e-02, test_loss: 3.657982e-02
    用时: 23.13s (100步), 总时间: 6862.3s, 预计剩余: 4717.6s
  Step 29700, train_loss: 3.541070e-02, test_loss: 3.656737e-02
    用时: 23.11s (100步), 总时间: 6885.4s, 预计剩余: 4691.0s
  Step 29800, train_loss: 3.541072e-02, test_loss: 3.656421e-02
    用时: 23.12s (100步), 总时间: 6908.5s, 预计剩余: 4669.7s
  Step 29900, train_loss: 3.541049e-02, test_loss: 3.656754e-02
    用时: 23.11s (100步), 总时间: 6931.6s, 预计剩余: 4646.0s
  Step 30000, train_loss: 3.541088e-02, test_loss: 3.656631e-02
    用时: 23.15s (100步), 总时间: 6954.8s, 预计剩余: 4630.7s
  Step 30100, train_loss: 3.541030e-02, test_loss: 3.656635e-02
    用时: 23.11s (100步), 总时间: 6977.9s, 预计剩余: 4598.0s
  Step 30200, train_loss: 3.541022e-02, test_loss: 3.656492e-02
    用时: 23.13s (100步), 总时间: 7001.0s, 预计剩余: 4579.5s
  Step 30300, train_loss: 3.541009e-02, test_loss: 3.656748e-02
    用时: 23.11s (100步), 总时间: 7024.1s, 预计剩余: 4553.3s
  Step 30400, train_loss: 3.541000e-02, test_loss: 3.656743e-02
    用时: 23.11s (100步), 总时间: 7047.2s, 预计剩余: 4530.4s
  Step 30500, train_loss: 3.540993e-02, test_loss: 3.656756e-02
    用时: 23.10s (100步), 总时间: 7070.3s, 预计剩余: 4503.5s
  Step 30600, train_loss: 3.540980e-02, test_loss: 3.656722e-02
    用时: 23.11s (100步), 总时间: 7093.4s, 预计剩余: 4482.6s
  Step 30700, train_loss: 3.541108e-02, test_loss: 3.654527e-02
    用时: 23.11s (100步), 总时间: 7116.5s, 预计剩余: 4461.0s
  Step 30800, train_loss: 3.540961e-02, test_loss: 3.656718e-02
    用时: 23.11s (100步), 总时间: 7139.6s, 预计剩余: 4437.2s
  Step 30900, train_loss: 3.540953e-02, test_loss: 3.656682e-02
    用时: 23.10s (100步), 总时间: 7162.7s, 预计剩余: 4411.3s
  Step 31000, train_loss: 3.540988e-02, test_loss: 3.656229e-02
    用时: 23.09s (100步), 总时间: 7185.8s, 预计剩余: 4387.3s
  Step 31100, train_loss: 3.540933e-02, test_loss: 3.656645e-02
    用时: 23.09s (100步), 总时间: 7208.9s, 预计剩余: 4364.5s
  Step 31200, train_loss: 3.540925e-02, test_loss: 3.656581e-02
    用时: 23.12s (100步), 总时间: 7232.0s, 预计剩余: 4345.9s
  Step 31300, train_loss: 3.540916e-02, test_loss: 3.656492e-02
    用时: 23.11s (100步), 总时间: 7255.1s, 预计剩余: 4320.9s
  Step 31400, train_loss: 3.540907e-02, test_loss: 3.656549e-02
    用时: 23.10s (100步), 总时间: 7278.2s, 预计剩余: 4295.9s
  Step 31500, train_loss: 3.540896e-02, test_loss: 3.656597e-02
    用时: 23.09s (100步), 总时间: 7301.3s, 预计剩余: 4272.3s
  Step 31600, train_loss: 3.540889e-02, test_loss: 3.656551e-02
    用时: 23.12s (100步), 总时间: 7324.5s, 预计剩余: 4253.3s
  Step 31700, train_loss: 3.540913e-02, test_loss: 3.662319e-02
    用时: 23.12s (100步), 总时间: 7347.6s, 预计剩余: 4231.1s
  Step 31800, train_loss: 3.540868e-02, test_loss: 3.656536e-02
    用时: 23.10s (100步), 总时间: 7370.7s, 预计剩余: 4204.6s
  Step 31900, train_loss: 3.540863e-02, test_loss: 3.656472e-02
    用时: 23.11s (100步), 总时间: 7393.8s, 预计剩余: 4183.2s
  Step 32000, train_loss: 3.540856e-02, test_loss: 3.656440e-02
    用时: 23.11s (100步), 总时间: 7416.9s, 预计剩余: 4160.2s
  Step 32100, train_loss: 3.542395e-02, test_loss: 3.656414e-02
    用时: 23.11s (100步), 总时间: 7440.0s, 预计剩余: 4137.0s
  Step 32200, train_loss: 3.540835e-02, test_loss: 3.656372e-02
    用时: 23.11s (100步), 总时间: 7463.1s, 预计剩余: 4113.6s
  Step 32300, train_loss: 3.540833e-02, test_loss: 3.656372e-02
    用时: 23.11s (100步), 总时间: 7486.2s, 预计剩余: 4090.0s
  Step 32400, train_loss: 3.540829e-02, test_loss: 3.656341e-02
    用时: 23.11s (100步), 总时间: 7509.3s, 预计剩余: 4067.1s
  Step 32500, train_loss: 3.544651e-02, test_loss: 3.652837e-02
    用时: 23.09s (100步), 总时间: 7532.4s, 预计剩余: 4041.4s
  Step 32600, train_loss: 3.540814e-02, test_loss: 3.656276e-02
    用时: 23.10s (100步), 总时间: 7555.5s, 预计剩余: 4019.4s
  Step 32700, train_loss: 3.540810e-02, test_loss: 3.656261e-02
    用时: 23.12s (100步), 总时间: 7578.6s, 预计剩余: 3999.3s
  Step 32800, train_loss: 3.540805e-02, test_loss: 3.656230e-02
    用时: 23.16s (100步), 总时间: 7601.8s, 预计剩余: 3983.9s
  Step 32900, train_loss: 3.540853e-02, test_loss: 3.656761e-02
    用时: 23.03s (100步), 总时间: 7624.8s, 预计剩余: 3937.3s
  Step 33000, train_loss: 3.540787e-02, test_loss: 3.656169e-02
    用时: 23.06s (100步), 总时间: 7647.9s, 预计剩余: 3920.9s
  Step 33100, train_loss: 3.540783e-02, test_loss: 3.656136e-02
    用时: 23.10s (100步), 总时间: 7671.0s, 预计剩余: 3903.1s
  Step 33200, train_loss: 3.542030e-02, test_loss: 3.664166e-02
    用时: 23.11s (100步), 总时间: 7694.1s, 预计剩余: 3882.4s
  Step 33300, train_loss: 3.540767e-02, test_loss: 3.656038e-02
    用时: 23.14s (100步), 总时间: 7717.2s, 预计剩余: 3864.0s
  Step 33400, train_loss: 3.541882e-02, test_loss: 3.657386e-02
    用时: 23.13s (100步), 总时间: 7740.4s, 预计剩余: 3840.3s
  Step 33500, train_loss: 3.540867e-02, test_loss: 3.657182e-02
    用时: 23.14s (100步), 总时间: 7763.5s, 预计剩余: 3818.4s
  Step 33600, train_loss: 3.541293e-02, test_loss: 3.653801e-02
    用时: 23.17s (100步), 总时间: 7786.7s, 预计剩余: 3799.4s
  Step 33700, train_loss: 3.540752e-02, test_loss: 3.656352e-02
    用时: 23.17s (100步), 总时间: 7809.9s, 预计剩余: 3777.0s
  Step 33800, train_loss: 3.540740e-02, test_loss: 3.656113e-02
    用时: 23.19s (100步), 总时间: 7833.0s, 预计剩余: 3756.7s
  Step 33900, train_loss: 3.540738e-02, test_loss: 3.656172e-02
    用时: 23.21s (100步), 总时间: 7856.3s, 预计剩余: 3736.7s
  Step 34000, train_loss: 3.540726e-02, test_loss: 3.655956e-02
    用时: 23.18s (100步), 总时间: 7879.4s, 预计剩余: 3708.5s
  Step 34100, train_loss: 3.540722e-02, test_loss: 3.655888e-02
    用时: 23.18s (100步), 总时间: 7902.6s, 预计剩余: 3686.4s
  Step 34200, train_loss: 3.540739e-02, test_loss: 3.655319e-02
    用时: 23.21s (100步), 总时间: 7925.8s, 预计剩余: 3666.7s
  Step 34300, train_loss: 3.541590e-02, test_loss: 3.651554e-02
    用时: 23.20s (100步), 总时间: 7949.0s, 预计剩余: 3642.7s
  Step 34400, train_loss: 3.540703e-02, test_loss: 3.655941e-02
    用时: 23.18s (100步), 总时间: 7972.2s, 预计剩余: 3616.5s
  Step 34500, train_loss: 3.540701e-02, test_loss: 3.655840e-02
    用时: 23.19s (100步), 总时间: 7995.4s, 预计剩余: 3594.2s
  Step 34600, train_loss: 3.544606e-02, test_loss: 3.652391e-02
    用时: 23.18s (100步), 总时间: 8018.6s, 预计剩余: 3569.7s
  Step 34700, train_loss: 3.540685e-02, test_loss: 3.655839e-02
    用时: 23.16s (100步), 总时间: 8041.7s, 预计剩余: 3543.9s
  Step 34800, train_loss: 3.540683e-02, test_loss: 3.655807e-02
    用时: 23.17s (100步), 总时间: 8064.9s, 预计剩余: 3521.6s
  Step 34900, train_loss: 3.540679e-02, test_loss: 3.655791e-02
    用时: 23.18s (100步), 总时间: 8088.1s, 预计剩余: 3500.9s
  Step 35000, train_loss: 3.540685e-02, test_loss: 3.656659e-02
    用时: 23.23s (100步), 总时间: 8111.3s, 预计剩余: 3484.0s
  Step 35100, train_loss: 3.540662e-02, test_loss: 3.655819e-02
    用时: 23.18s (100步), 总时间: 8134.5s, 预计剩余: 3453.9s
  Step 35200, train_loss: 3.540659e-02, test_loss: 3.655808e-02
    用时: 23.18s (100步), 总时间: 8157.7s, 预计剩余: 3431.3s
  Step 35300, train_loss: 3.540656e-02, test_loss: 3.655803e-02
    用时: 23.18s (100步), 总时间: 8180.9s, 预计剩余: 3407.5s
  Step 35400, train_loss: 3.540657e-02, test_loss: 3.656084e-02
    用时: 23.17s (100步), 总时间: 8204.0s, 预计剩余: 3383.5s
  Step 35500, train_loss: 3.540637e-02, test_loss: 3.655817e-02
    用时: 23.20s (100步), 总时间: 8227.2s, 预计剩余: 3364.3s
  Step 35600, train_loss: 3.540634e-02, test_loss: 3.655806e-02
    用时: 23.23s (100步), 总时间: 8250.5s, 预计剩余: 3345.1s
  Step 35700, train_loss: 3.540924e-02, test_loss: 3.659206e-02
    用时: 23.23s (100步), 总时间: 8273.7s, 预计剩余: 3322.2s
  Step 35800, train_loss: 3.540610e-02, test_loss: 3.655609e-02
    用时: 23.22s (100步), 总时间: 8296.9s, 预计剩余: 3296.7s
  Step 35900, train_loss: 3.540607e-02, test_loss: 3.655824e-02
    用时: 23.21s (100步), 总时间: 8320.1s, 预计剩余: 3272.9s
  Step 36000, train_loss: 3.540603e-02, test_loss: 3.655825e-02
    用时: 23.24s (100步), 总时间: 8343.4s, 预计剩余: 3253.0s
  Step 36100, train_loss: 3.540596e-02, test_loss: 3.655828e-02
    用时: 23.24s (100步), 总时间: 8366.6s, 预计剩余: 3230.4s
  Step 36200, train_loss: 3.540692e-02, test_loss: 3.654592e-02
    用时: 23.24s (100步), 总时间: 8389.8s, 预计剩余: 3206.9s
  Step 36300, train_loss: 3.540577e-02, test_loss: 3.655847e-02
    用时: 23.23s (100步), 总时间: 8413.1s, 预计剩余: 3183.0s
  Step 36400, train_loss: 3.540571e-02, test_loss: 3.655900e-02
    用时: 23.25s (100步), 总时间: 8436.3s, 预计剩余: 3161.8s
  Step 36500, train_loss: 3.540573e-02, test_loss: 3.656260e-02
    用时: 23.26s (100步), 总时间: 8459.6s, 预计剩余: 3140.5s
  Step 36600, train_loss: 3.540549e-02, test_loss: 3.655889e-02
    用时: 23.26s (100步), 总时间: 8482.8s, 预计剩余: 3116.3s
  Step 36700, train_loss: 3.540542e-02, test_loss: 3.655902e-02
    用时: 23.28s (100步), 总时间: 8506.1s, 预计剩余: 3095.9s
  Step 36800, train_loss: 3.540754e-02, test_loss: 3.657565e-02
    用时: 23.25s (100步), 总时间: 8529.4s, 预计剩余: 3069.1s
  Step 36900, train_loss: 3.540517e-02, test_loss: 3.655956e-02
    用时: 23.23s (100步), 总时间: 8552.6s, 预计剩余: 3043.4s
  Step 37000, train_loss: 3.540512e-02, test_loss: 3.655951e-02
    用时: 23.22s (100步), 总时间: 8575.8s, 预计剩余: 3018.8s
  Step 37100, train_loss: 3.540504e-02, test_loss: 3.655959e-02
    用时: 23.19s (100步), 总时间: 8599.0s, 预计剩余: 2991.2s
  Step 37200, train_loss: 3.543694e-02, test_loss: 3.651864e-02
    用时: 23.17s (100步), 总时间: 8622.2s, 预计剩余: 2965.4s
  Step 37300, train_loss: 3.540479e-02, test_loss: 3.656005e-02
    用时: 23.14s (100步), 总时间: 8645.3s, 预计剩余: 2939.4s
  Step 37400, train_loss: 3.540472e-02, test_loss: 3.656009e-02
    用时: 23.11s (100步), 总时间: 8668.4s, 预计剩余: 2911.3s
  Step 37500, train_loss: 3.541839e-02, test_loss: 3.651975e-02
    用时: 23.10s (100步), 总时间: 8691.5s, 预计剩余: 2887.3s
  Step 37600, train_loss: 3.540445e-02, test_loss: 3.656038e-02
    用时: 23.08s (100步), 总时间: 8714.6s, 预计剩余: 2861.3s
  Step 37700, train_loss: 3.540438e-02, test_loss: 3.656067e-02
    用时: 23.07s (100步), 总时间: 8737.7s, 预计剩余: 2837.5s
  Step 37800, train_loss: 3.545568e-02, test_loss: 3.675174e-02
    用时: 23.05s (100步), 总时间: 8760.7s, 预计剩余: 2812.2s
  Step 37900, train_loss: 3.540410e-02, test_loss: 3.656226e-02
    用时: 23.05s (100步), 总时间: 8783.8s, 预计剩余: 2789.2s
  Step 38000, train_loss: 3.540402e-02, test_loss: 3.656136e-02
    用时: 23.03s (100步), 总时间: 8806.8s, 预计剩余: 2763.7s
  Step 38100, train_loss: 3.549837e-02, test_loss: 3.671909e-02
    用时: 23.05s (100步), 总时间: 8829.9s, 预计剩余: 2742.5s
  Step 38200, train_loss: 3.540375e-02, test_loss: 3.656256e-02
    用时: 23.04s (100步), 总时间: 8852.9s, 预计剩余: 2719.3s
  Step 38300, train_loss: 3.540366e-02, test_loss: 3.656214e-02
    用时: 23.04s (100步), 总时间: 8875.9s, 预计剩余: 2695.4s
  Step 38400, train_loss: 3.541171e-02, test_loss: 3.651587e-02
    用时: 23.05s (100步), 总时间: 8899.0s, 预计剩余: 2673.3s
  Step 38500, train_loss: 3.540339e-02, test_loss: 3.656271e-02
    用时: 23.04s (100步), 总时间: 8922.0s, 预计剩余: 2649.7s
  Step 38600, train_loss: 3.540329e-02, test_loss: 3.656303e-02
    用时: 23.08s (100步), 总时间: 8945.1s, 预计剩余: 2630.6s
  Step 38700, train_loss: 3.546192e-02, test_loss: 3.671558e-02
    用时: 23.06s (100步), 总时间: 8968.2s, 预计剩余: 2606.2s
  Step 38800, train_loss: 3.540294e-02, test_loss: 3.656238e-02
    用时: 23.07s (100步), 总时间: 8991.2s, 预计剩余: 2583.9s
  Step 38900, train_loss: 3.540289e-02, test_loss: 3.656418e-02
    用时: 23.11s (100步), 总时间: 9014.3s, 预计剩余: 2564.7s
  Step 39000, train_loss: 3.540281e-02, test_loss: 3.656441e-02
    用时: 23.09s (100步), 总时间: 9037.4s, 预计剩余: 2539.9s
  Step 39100, train_loss: 3.540270e-02, test_loss: 3.656472e-02
    用时: 23.09s (100步), 总时间: 9060.5s, 预计剩余: 2516.8s
  Step 39200, train_loss: 3.540257e-02, test_loss: 3.656531e-02
    用时: 23.12s (100步), 总时间: 9083.6s, 预计剩余: 2496.9s
  Step 39300, train_loss: 3.540239e-02, test_loss: 3.656874e-02
    用时: 23.10s (100步), 总时间: 9106.7s, 预计剩余: 2471.7s
  Step 39400, train_loss: 3.540227e-02, test_loss: 3.656622e-02
    用时: 23.09s (100步), 总时间: 9129.8s, 预计剩余: 2447.7s
  Step 39500, train_loss: 3.540216e-02, test_loss: 3.656582e-02
    用时: 23.10s (100步), 总时间: 9152.9s, 预计剩余: 2425.8s
  Step 39600, train_loss: 3.540195e-02, test_loss: 3.656830e-02
    用时: 23.11s (100步), 总时间: 9176.0s, 预计剩余: 2403.4s
  Step 39700, train_loss: 3.540186e-02, test_loss: 3.656786e-02
    用时: 23.14s (100步), 总时间: 9199.2s, 预计剩余: 2383.4s
  Step 39800, train_loss: 3.540199e-02, test_loss: 3.655979e-02
    用时: 23.13s (100步), 总时间: 9222.3s, 预计剩余: 2359.7s
  Step 39900, train_loss: 3.540153e-02, test_loss: 3.657088e-02
    用时: 23.11s (100步), 总时间: 9245.4s, 预计剩余: 2334.4s
  Step 40000, train_loss: 3.540144e-02, test_loss: 3.656976e-02
    用时: 23.12s (100步), 总时间: 9268.6s, 预计剩余: 2312.1s
  Step 40100, train_loss: 3.540132e-02, test_loss: 3.657036e-02
    用时: 23.13s (100步), 总时间: 9291.7s, 预计剩余: 2289.7s
  Step 40200, train_loss: 3.540218e-02, test_loss: 3.659904e-02
    用时: 23.11s (100步), 总时间: 9314.8s, 预计剩余: 2264.7s
  Step 40300, train_loss: 3.540098e-02, test_loss: 3.657197e-02
    用时: 23.07s (100步), 总时间: 9337.9s, 预计剩余: 2237.6s
  Step 40400, train_loss: 3.540090e-02, test_loss: 3.657262e-02
    用时: 23.09s (100步), 总时间: 9360.9s, 预计剩余: 2216.8s
  Step 40500, train_loss: 3.540079e-02, test_loss: 3.657327e-02
    用时: 23.08s (100步), 总时间: 9384.0s, 预计剩余: 2192.5s
  Step 40600, train_loss: 3.540066e-02, test_loss: 3.657402e-02
    用时: 23.06s (100步), 总时间: 9407.1s, 预计剩余: 2168.0s
  Step 40700, train_loss: 3.540317e-02, test_loss: 3.656232e-02
    用时: 23.06s (100步), 总时间: 9430.2s, 预计剩余: 2144.7s
  Step 40800, train_loss: 3.540035e-02, test_loss: 3.657590e-02
    用时: 23.04s (100步), 总时间: 9453.2s, 预计剩余: 2119.5s
  Step 40900, train_loss: 3.540023e-02, test_loss: 3.657679e-02
    用时: 23.04s (100步), 总时间: 9476.2s, 预计剩余: 2096.7s
  Step 41000, train_loss: 3.540000e-02, test_loss: 3.658229e-02
    用时: 23.02s (100步), 总时间: 9499.3s, 预计剩余: 2072.1s
  Step 41100, train_loss: 3.539994e-02, test_loss: 3.657850e-02
    用时: 23.04s (100步), 总时间: 9522.3s, 预计剩余: 2050.6s
  Step 41200, train_loss: 3.539984e-02, test_loss: 3.657926e-02
    用时: 23.04s (100步), 总时间: 9545.3s, 预计剩余: 2027.4s
  Step 41300, train_loss: 3.539973e-02, test_loss: 3.657972e-02
    用时: 23.03s (100步), 总时间: 9568.4s, 预计剩余: 2003.8s
  Step 41400, train_loss: 3.539956e-02, test_loss: 3.657978e-02
    用时: 23.03s (100步), 总时间: 9591.4s, 预计剩余: 1980.8s
  Step 41500, train_loss: 3.539949e-02, test_loss: 3.658180e-02
    用时: 23.07s (100步), 总时间: 9614.5s, 预计剩余: 1961.2s
  Step 41600, train_loss: 3.539940e-02, test_loss: 3.658224e-02
    用时: 23.07s (100步), 总时间: 9637.5s, 预计剩余: 1937.6s
  Step 41700, train_loss: 3.539930e-02, test_loss: 3.658720e-02
    用时: 23.07s (100步), 总时间: 9660.6s, 预计剩余: 1914.8s
  Step 41800, train_loss: 3.539920e-02, test_loss: 3.658414e-02
    用时: 23.08s (100步), 总时间: 9683.7s, 预计剩余: 1893.0s
  Step 41900, train_loss: 3.539913e-02, test_loss: 3.658604e-02
    用时: 23.08s (100步), 总时间: 9706.8s, 预计剩余: 1869.8s
  Step 42000, train_loss: 3.539901e-02, test_loss: 3.658569e-02
    用时: 23.10s (100步), 总时间: 9729.9s, 预计剩余: 1847.8s
  Step 42100, train_loss: 3.539896e-02, test_loss: 3.658628e-02
    用时: 23.10s (100步), 总时间: 9753.0s, 预计剩余: 1824.9s
  Step 42200, train_loss: 3.539890e-02, test_loss: 3.658685e-02
    用时: 23.08s (100步), 总时间: 9776.1s, 预计剩余: 1800.5s
  Step 42300, train_loss: 3.541342e-02, test_loss: 3.654622e-02
    用时: 23.07s (100步), 总时间: 9799.1s, 预计剩余: 1776.7s
  Step 42400, train_loss: 3.539865e-02, test_loss: 3.658884e-02
    用时: 23.08s (100步), 总时间: 9822.2s, 预计剩余: 1753.7s
  Step 42500, train_loss: 3.539868e-02, test_loss: 3.658900e-02
    用时: 23.09s (100步), 总时间: 9845.3s, 预计剩余: 1731.8s
  Step 42600, train_loss: 3.539867e-02, test_loss: 3.658919e-02
    用时: 23.08s (100步), 总时间: 9868.4s, 预计剩余: 1707.8s
  Step 42700, train_loss: 3.539865e-02, test_loss: 3.658946e-02
    用时: 23.11s (100步), 总时间: 9891.5s, 预计剩余: 1687.3s
  Step 42800, train_loss: 3.539864e-02, test_loss: 3.658978e-02
    用时: 23.13s (100步), 总时间: 9914.6s, 预计剩余: 1665.6s
  Step 42900, train_loss: 3.539861e-02, test_loss: 3.659011e-02
    用时: 23.08s (100步), 总时间: 9937.7s, 预计剩余: 1639.0s
  Step 43000, train_loss: 3.539858e-02, test_loss: 3.659047e-02
    用时: 23.07s (100步), 总时间: 9960.8s, 预计剩余: 1614.7s
  Step 43100, train_loss: 3.539856e-02, test_loss: 3.659083e-02
    用时: 23.10s (100步), 总时间: 9983.9s, 预计剩余: 1594.1s
  Step 43200, train_loss: 3.539853e-02, test_loss: 3.659119e-02
    用时: 23.11s (100步), 总时间: 10007.0s, 预计剩余: 1571.8s
  Step 43300, train_loss: 3.541019e-02, test_loss: 3.665210e-02
    用时: 23.10s (100步), 总时间: 10030.1s, 预计剩余: 1547.7s
  Step 43400, train_loss: 3.539845e-02, test_loss: 3.659212e-02
    用时: 23.12s (100步), 总时间: 10053.2s, 预计剩余: 1525.7s
  Step 43500, train_loss: 3.539847e-02, test_loss: 3.659249e-02
    用时: 23.12s (100步), 总时间: 10076.3s, 预计剩余: 1502.6s
  Step 43600, train_loss: 3.539846e-02, test_loss: 3.659271e-02
    用时: 23.10s (100步), 总时间: 10099.4s, 预计剩余: 1478.2s
  Step 43700, train_loss: 3.541140e-02, test_loss: 3.655379e-02
    用时: 23.10s (100步), 总时间: 10122.5s, 预计剩余: 1455.3s
  Step 43800, train_loss: 3.539841e-02, test_loss: 3.659399e-02
    用时: 23.14s (100步), 总时间: 10145.7s, 预计剩余: 1434.4s
  Step 43900, train_loss: 3.539843e-02, test_loss: 3.659375e-02
    用时: 23.10s (100步), 总时间: 10168.8s, 预计剩余: 1409.2s
  Step 44000, train_loss: 3.539844e-02, test_loss: 3.659387e-02
    用时: 23.13s (100步), 总时间: 10191.9s, 预计剩余: 1387.6s
  Step 44100, train_loss: 3.540178e-02, test_loss: 3.656361e-02
    用时: 23.14s (100步), 总时间: 10215.0s, 预计剩余: 1365.1s
  Step 44200, train_loss: 3.539842e-02, test_loss: 3.659483e-02
    用时: 23.11s (100步), 总时间: 10238.1s, 预计剩余: 1340.6s
  Step 44300, train_loss: 3.539844e-02, test_loss: 3.659457e-02
    用时: 23.11s (100步), 总时间: 10261.2s, 预计剩余: 1317.5s
  Step 44400, train_loss: 3.540514e-02, test_loss: 3.657695e-02
    用时: 23.10s (100步), 总时间: 10284.3s, 预计剩余: 1293.6s
  Step 44500, train_loss: 3.539843e-02, test_loss: 3.659468e-02
    用时: 23.11s (100步), 总时间: 10307.5s, 预计剩余: 1271.1s
  Step 44600, train_loss: 3.539846e-02, test_loss: 3.659511e-02
    用时: 23.09s (100步), 总时间: 10330.6s, 预计剩余: 1247.0s
  Step 44700, train_loss: 3.542164e-02, test_loss: 3.665033e-02
    用时: 23.08s (100步), 总时间: 10353.6s, 预计剩余: 1223.4s
  Step 44800, train_loss: 3.539846e-02, test_loss: 3.659543e-02
    用时: 23.09s (100步), 总时间: 10376.7s, 预计剩余: 1200.6s
  Step 44900, train_loss: 3.539849e-02, test_loss: 3.659547e-02
    用时: 23.10s (100步), 总时间: 10399.8s, 预计剩余: 1177.9s
  Step 45000, train_loss: 3.540029e-02, test_loss: 3.659553e-02
    用时: 23.10s (100步), 总时间: 10422.9s, 预计剩余: 1154.8s
  Step 45100, train_loss: 3.539850e-02, test_loss: 3.659597e-02
    用时: 23.09s (100步), 总时间: 10446.0s, 预计剩余: 1131.3s
  Step 45200, train_loss: 3.539852e-02, test_loss: 3.659578e-02
    用时: 23.11s (100步), 总时间: 10469.1s, 预计剩余: 1109.0s
  Step 45300, train_loss: 3.539855e-02, test_loss: 3.659563e-02
    用时: 23.10s (100步), 总时间: 10492.2s, 预计剩余: 1085.5s
  Step 45400, train_loss: 3.539855e-02, test_loss: 3.659641e-02
    用时: 23.10s (100步), 总时间: 10515.3s, 预计剩余: 1062.6s
  Step 45500, train_loss: 3.539856e-02, test_loss: 3.659605e-02
    用时: 23.11s (100步), 总时间: 10538.4s, 预计剩余: 1039.8s
  Step 45600, train_loss: 3.539857e-02, test_loss: 3.659595e-02
    用时: 23.12s (100步), 总时间: 10561.5s, 预计剩余: 1017.1s
  Step 45700, train_loss: 3.540086e-02, test_loss: 3.657675e-02
    用时: 23.12s (100步), 总时间: 10584.6s, 预计剩余: 994.3s
  Step 45800, train_loss: 3.539857e-02, test_loss: 3.659649e-02
    用时: 23.12s (100步), 总时间: 10607.8s, 预计剩余: 971.2s
  Step 45900, train_loss: 3.539861e-02, test_loss: 3.659619e-02
    用时: 23.11s (100步), 总时间: 10630.9s, 预计剩余: 947.6s
  Step 46000, train_loss: 3.539862e-02, test_loss: 3.659609e-02
    用时: 23.11s (100步), 总时间: 10654.0s, 预计剩余: 924.4s
  Step 46100, train_loss: 3.539874e-02, test_loss: 3.658880e-02
    用时: 23.10s (100步), 总时间: 10677.1s, 预计剩余: 901.1s
  Step 46200, train_loss: 3.539861e-02, test_loss: 3.659658e-02
    用时: 23.10s (100步), 总时间: 10700.2s, 预计剩余: 878.0s
  Step 46300, train_loss: 3.539864e-02, test_loss: 3.659637e-02
    用时: 23.10s (100步), 总时间: 10723.3s, 预计剩余: 854.7s
  Step 46400, train_loss: 3.539866e-02, test_loss: 3.659626e-02
    用时: 23.13s (100步), 总时间: 10746.4s, 预计剩余: 832.5s
  Step 46500, train_loss: 3.539979e-02, test_loss: 3.657839e-02
    用时: 23.19s (100步), 总时间: 10769.6s, 预计剩余: 811.6s
  Step 46600, train_loss: 3.539867e-02, test_loss: 3.659653e-02
    用时: 23.05s (100步), 总时间: 10792.7s, 预计剩余: 783.5s
  Step 46700, train_loss: 3.539869e-02, test_loss: 3.659696e-02
    用时: 23.08s (100步), 总时间: 10815.7s, 预计剩余: 761.6s
  Step 46800, train_loss: 3.539866e-02, test_loss: 3.659482e-02
    用时: 23.09s (100步), 总时间: 10838.8s, 预计剩余: 739.0s
  Step 46900, train_loss: 3.539870e-02, test_loss: 3.659637e-02
    用时: 23.13s (100步), 总时间: 10862.0s, 预计剩余: 717.0s
  Step 47000, train_loss: 3.541392e-02, test_loss: 3.668291e-02
    用时: 23.15s (100步), 总时间: 10885.1s, 预计剩余: 694.4s
  Step 47100, train_loss: 3.539870e-02, test_loss: 3.659688e-02
    用时: 23.16s (100步), 总时间: 10908.3s, 预计剩余: 671.5s
  Step 47200, train_loss: 3.539872e-02, test_loss: 3.659632e-02
    用时: 23.16s (100步), 总时间: 10931.4s, 预计剩余: 648.5s
  Step 47300, train_loss: 3.540095e-02, test_loss: 3.663062e-02
    用时: 23.17s (100步), 总时间: 10954.6s, 预计剩余: 625.5s
  Step 47400, train_loss: 3.539872e-02, test_loss: 3.659652e-02
    用时: 23.17s (100步), 总时间: 10977.8s, 预计剩余: 602.4s
  Step 47500, train_loss: 3.539874e-02, test_loss: 3.659638e-02
    用时: 23.17s (100步), 总时间: 11000.9s, 预计剩余: 579.3s
  Step 47600, train_loss: 3.539876e-02, test_loss: 3.659689e-02
    用时: 23.19s (100步), 总时间: 11024.1s, 预计剩余: 556.5s
  Step 47700, train_loss: 3.539873e-02, test_loss: 3.659586e-02
    用时: 23.16s (100步), 总时间: 11047.3s, 预计剩余: 532.6s
  Step 47800, train_loss: 3.539875e-02, test_loss: 3.659651e-02
    用时: 23.16s (100步), 总时间: 11070.4s, 预计剩余: 509.5s
  Step 47900, train_loss: 3.539877e-02, test_loss: 3.659636e-02
    用时: 23.15s (100步), 总时间: 11093.6s, 预计剩余: 486.2s
  Step 48000, train_loss: 3.539878e-02, test_loss: 3.659623e-02
    用时: 23.15s (100步), 总时间: 11116.7s, 预计剩余: 462.9s
  Step 48100, train_loss: 3.539915e-02, test_loss: 3.659725e-02
    用时: 23.15s (100步), 总时间: 11139.9s, 预计剩余: 439.8s
  Step 48200, train_loss: 3.539878e-02, test_loss: 3.659644e-02
    用时: 23.16s (100步), 总时间: 11163.0s, 预计剩余: 417.0s
  Step 48300, train_loss: 3.539880e-02, test_loss: 3.659621e-02
    用时: 23.13s (100步), 总时间: 11186.2s, 预计剩余: 393.2s
  Step 48400, train_loss: 3.539889e-02, test_loss: 3.658791e-02
    用时: 23.15s (100步), 总时间: 11209.3s, 预计剩余: 370.5s
  Step 48500, train_loss: 3.539880e-02, test_loss: 3.659619e-02
    用时: 23.14s (100步), 总时间: 11232.5s, 预计剩余: 347.0s
  Step 48600, train_loss: 3.540631e-02, test_loss: 3.655513e-02
    用时: 23.15s (100步), 总时间: 11255.6s, 预计剩余: 324.1s
  Step 48700, train_loss: 3.539880e-02, test_loss: 3.659674e-02
    用时: 23.13s (100步), 总时间: 11278.8s, 预计剩余: 300.7s
  Step 48800, train_loss: 3.539882e-02, test_loss: 3.659615e-02
    用时: 23.14s (100步), 总时间: 11301.9s, 预计剩余: 277.7s
  Step 48900, train_loss: 3.539958e-02, test_loss: 3.662186e-02
    用时: 23.16s (100步), 总时间: 11325.1s, 预计剩余: 254.8s
  Step 49000, train_loss: 3.539883e-02, test_loss: 3.659604e-02
    用时: 23.16s (100步), 总时间: 11348.2s, 预计剩余: 231.6s
  Step 49100, train_loss: 3.539884e-02, test_loss: 3.659605e-02
    用时: 23.16s (100步), 总时间: 11371.4s, 预计剩余: 208.4s
  Step 49200, train_loss: 3.540079e-02, test_loss: 3.659691e-02
    用时: 23.18s (100步), 总时间: 11394.6s, 预计剩余: 185.5s
  Step 49300, train_loss: 3.539884e-02, test_loss: 3.659610e-02
    用时: 23.24s (100步), 总时间: 11417.8s, 预计剩余: 162.7s
  Step 49400, train_loss: 3.539887e-02, test_loss: 3.659602e-02
    用时: 23.24s (100步), 总时间: 11441.0s, 预计剩余: 139.5s
  Step 49500, train_loss: 3.543186e-02, test_loss: 3.672872e-02
    用时: 23.25s (100步), 总时间: 11464.3s, 预计剩余: 116.2s
  Step 49600, train_loss: 3.539887e-02, test_loss: 3.659564e-02
    用时: 23.22s (100步), 总时间: 11487.5s, 预计剩余: 92.9s
  Step 49700, train_loss: 3.539889e-02, test_loss: 3.659591e-02
    用时: 23.20s (100步), 总时间: 11510.7s, 预计剩余: 69.6s
  Step 49800, train_loss: 3.540356e-02, test_loss: 3.656788e-02
    用时: 23.21s (100步), 总时间: 11533.9s, 预计剩余: 46.4s
  Step 49900, train_loss: 3.539889e-02, test_loss: 3.659620e-02
    用时: 23.22s (100步), 总时间: 11557.1s, 预计剩余: 23.2s
  Step 50000, train_loss: 3.539892e-02, test_loss: 3.659582e-02
    用时: 23.24s (100步), 总时间: 11580.4s, 预计剩余: 0.0s

训练完成！总用时: 11580.4s (193.0分钟)
\n✓ 模型保存到: /n/fs/chgan/LowDimConditionalHGan/hnn_model/custom_hnn_mass_spring_model.pth
\n现在可以使用这个重新训练的mass_spring模型进行公平对比！
